Release 14.7 - xst P.20131013 (nt64)
Copyright (c) 1995-2013 Xilinx, Inc.  All rights reserved.
--> Parameter TMPDIR set to xst/projnav.tmp


Total REAL time to Xst completion: 0.00 secs
Total CPU time to Xst completion: 0.14 secs
 
--> Parameter xsthdpdir set to xst


Total REAL time to Xst completion: 0.00 secs
Total CPU time to Xst completion: 0.14 secs
 
--> Reading design: I2C_Protocol.prj

TABLE OF CONTENTS
  1) Synthesis Options Summary
  2) HDL Parsing
  3) HDL Elaboration
  4) HDL Synthesis
       4.1) HDL Synthesis Report
  5) Advanced HDL Synthesis
       5.1) Advanced HDL Synthesis Report
  6) Low Level Synthesis
  7) Partition Report
  8) Design Summary
       8.1) Primitive and Black Box Usage
       8.2) Device utilization summary
       8.3) Partition Resource Summary
       8.4) Timing Report
            8.4.1) Clock Information
            8.4.2) Asynchronous Control Signals Information
            8.4.3) Timing Summary
            8.4.4) Timing Details
            8.4.5) Cross Clock Domains Report


=========================================================================
*                      Synthesis Options Summary                        *
=========================================================================
---- Source Parameters
Input File Name                    : "I2C_Protocol.prj"
Ignore Synthesis Constraint File   : NO

---- Target Parameters
Output File Name                   : "I2C_Protocol"
Output Format                      : NGC
Target Device                      : xc6slx9-2-ftg256

---- Source Options
Top Module Name                    : I2C_Protocol
Automatic FSM Extraction           : YES
FSM Encoding Algorithm             : Auto
Safe Implementation                : No
FSM Style                          : LUT
RAM Extraction                     : Yes
RAM Style                          : Auto
ROM Extraction                     : Yes
Shift Register Extraction          : YES
ROM Style                          : Auto
Resource Sharing                   : YES
Asynchronous To Synchronous        : NO
Shift Register Minimum Size        : 2
Use DSP Block                      : Auto
Automatic Register Balancing       : No

---- Target Options
LUT Combining                      : Auto
Reduce Control Sets                : Auto
Add IO Buffers                     : YES
Global Maximum Fanout              : 100000
Add Generic Clock Buffer(BUFG)     : 16
Register Duplication               : YES
Optimize Instantiated Primitives   : NO
Use Clock Enable                   : Auto
Use Synchronous Set                : Auto
Use Synchronous Reset              : Auto
Pack IO Registers into IOBs        : Auto
Equivalent register Removal        : YES

---- General Options
Optimization Goal                  : Speed
Optimization Effort                : 1
Power Reduction                    : NO
Keep Hierarchy                     : No
Netlist Hierarchy                  : As_Optimized
RTL Output                         : Yes
Global Optimization                : AllClockNets
Read Cores                         : YES
Write Timing Constraints           : NO
Cross Clock Analysis               : NO
Hierarchy Separator                : /
Bus Delimiter                      : <>
Case Specifier                     : Maintain
Slice Utilization Ratio            : 100
BRAM Utilization Ratio             : 100
DSP48 Utilization Ratio            : 100
Auto BRAM Packing                  : NO
Slice Utilization Ratio Delta      : 5

=========================================================================


=========================================================================
*                          HDL Parsing                                  *
=========================================================================
Parsing VHDL file "E:\uni_master\course 1\VHDL\main project\I2C_Protocol_DAC63202\I2C_Protocol.vhd" into library work
Parsing entity <I2C_Protocol>.
Parsing architecture <Behavioral> of entity <i2c_protocol>.

=========================================================================
*                            HDL Elaboration                            *
=========================================================================

Elaborating entity <I2C_Protocol> (architecture <Behavioral>) from library <work>.

=========================================================================
*                           HDL Synthesis                               *
=========================================================================

Synthesizing Unit <I2C_Protocol>.
    Related source file is "E:\uni_master\course 1\VHDL\main project\I2C_Protocol_DAC63202\I2C_Protocol.vhd".
    Found 1-bit register for signal <sda_int>.
    Found 1-bit register for signal <busy>.
    Found 3-bit register for signal <bit_cnt>.
    Found 4-bit register for signal <state>.
    Found 8-bit register for signal <data_rd>.
    Found 9-bit register for signal <count>.
    Found 1-bit register for signal <scl_en>.
    Found 1-bit register for signal <ack_error>.
    Found 1-bit register for signal <rw_ctrl_int_clk_DFF_21_q>.
    Found 1-bit register for signal <PWR_10_o_clk_DFF_33>.
    Found 1-bit register for signal <data_clk_prev>.
    Found 1-bit register for signal <scl_clk>.
    Found 1-bit register for signal <data_clk>.
    Found 8-bit register for signal <addr_rw>.
    Found 8-bit register for signal <data_tx>.
    Found 8-bit register for signal <command_byte_r>.
    Found 8-bit register for signal <data_rx>.
    Found finite state machine <FSM_0> for signal <state>.
    -----------------------------------------------------------------------
    | States             | 11                                             |
    | Transitions        | 45                                             |
    | Inputs             | 7                                              |
    | Outputs            | 8                                              |
    | Clock              | clk (rising_edge)                              |
    | Reset              | reset_n (negative)                             |
    | Reset type         | asynchronous                                   |
    | Reset State        | ready                                          |
    | Power Up State     | ready                                          |
    | Encoding           | auto                                           |
    | Implementation     | LUT                                            |
    -----------------------------------------------------------------------
    Found 9-bit adder for signal <count[8]_GND_6_o_add_1_OUT> created at line 58.
    Found 3-bit subtractor for signal <GND_6_o_GND_6_o_sub_21_OUT<2:0>> created at line 130.
    Found 1-bit 8-to-1 multiplexer for signal <bit_cnt[2]_addr_rw[7]_Mux_17_o> created at line 119.
    Found 1-bit 8-to-1 multiplexer for signal <GND_6_o_addr_rw[7]_Mux_21_o> created at line 130.
    Found 1-bit 8-to-1 multiplexer for signal <bit_cnt[2]_command_byte_r[7]_Mux_26_o> created at line 150.
    Found 1-bit 8-to-1 multiplexer for signal <bit_cnt[2]_data_tx[7]_Mux_33_o> created at line 176.
    Found 1-bit 8-to-1 multiplexer for signal <bit_cnt[2]_data_wr[7]_Mux_38_o> created at line 188.
    Found 1-bit tristate buffer for signal <rw_ctrl> created at line 86
    Found 1-bit tristate buffer for signal <tx> created at line 277
    Found 1-bit tristate buffer for signal <scl> created at line 284
    Found 1-bit tristate buffer for signal <sda> created at line 285
    Found 9-bit comparator lessequal for signal <GND_6_o_count[8]_LessThan_4_o> created at line 63
    Found 9-bit comparator greater for signal <count[8]_GND_6_o_LessThan_5_o> created at line 67
    Found 9-bit comparator greater for signal <GND_6_o_count[8]_LessThan_6_o> created at line 67
    Found 9-bit comparator greater for signal <count[8]_GND_6_o_LessThan_7_o> created at line 71
    Found 9-bit comparator greater for signal <PWR_6_o_count[8]_LessThan_8_o> created at line 71
    Found 9-bit comparator greater for signal <count[8]_PWR_6_o_LessThan_9_o> created at line 75
    Found 9-bit comparator greater for signal <PWR_6_o_count[8]_LessThan_10_o> created at line 75
    Found 8-bit comparator equal for signal <command_byte_r[7]_command_byte[7]_equal_38_o> created at line 187
    Found 8-bit comparator equal for signal <addr_rw[7]_PWR_6_o_equal_51_o> created at line 221
    Summary:
	inferred   2 Adder/Subtractor(s).
	inferred  61 D-type flip-flop(s).
	inferred   9 Comparator(s).
	inferred  36 Multiplexer(s).
	inferred   4 Tristate(s).
	inferred   1 Finite State Machine(s).
Unit <I2C_Protocol> synthesized.

=========================================================================
HDL Synthesis Report

Macro Statistics
# Adders/Subtractors                                   : 2
 3-bit subtractor                                      : 1
 9-bit adder                                           : 1
# Registers                                            : 16
 1-bit register                                        : 9
 3-bit register                                        : 1
 8-bit register                                        : 5
 9-bit register                                        : 1
# Comparators                                          : 9
 8-bit comparator equal                                : 2
 9-bit comparator greater                              : 6
 9-bit comparator lessequal                            : 1
# Multiplexers                                         : 36
 1-bit 2-to-1 multiplexer                              : 29
 1-bit 8-to-1 multiplexer                              : 5
 3-bit 2-to-1 multiplexer                              : 1
 9-bit 2-to-1 multiplexer                              : 1
# Tristates                                            : 4
 1-bit tristate buffer                                 : 4
# FSMs                                                 : 1

=========================================================================

=========================================================================
*                       Advanced HDL Synthesis                          *
=========================================================================

WARNING:Xst:1426 - The value init of the FF/Latch addr_rw_4 hinder the constant cleaning in the block I2C_Protocol.
   You should achieve better results by setting this init to 1.
WARNING:Xst:1426 - The value init of the FF/Latch addr_rw_7 hinder the constant cleaning in the block I2C_Protocol.
   You should achieve better results by setting this init to 1.
WARNING:Xst:1293 - FF/Latch <addr_rw_1> has a constant value of 0 in block <I2C_Protocol>. This FF/Latch will be trimmed during the optimization process.
WARNING:Xst:1896 - Due to other FF/Latch trimming, FF/Latch <addr_rw_2> has a constant value of 0 in block <I2C_Protocol>. This FF/Latch will be trimmed during the optimization process.
WARNING:Xst:1896 - Due to other FF/Latch trimming, FF/Latch <addr_rw_3> has a constant value of 0 in block <I2C_Protocol>. This FF/Latch will be trimmed during the optimization process.
WARNING:Xst:1896 - Due to other FF/Latch trimming, FF/Latch <addr_rw_5> has a constant value of 0 in block <I2C_Protocol>. This FF/Latch will be trimmed during the optimization process.
WARNING:Xst:1896 - Due to other FF/Latch trimming, FF/Latch <addr_rw_6> has a constant value of 0 in block <I2C_Protocol>. This FF/Latch will be trimmed during the optimization process.

Synthesizing (advanced) Unit <I2C_Protocol>.
The following registers are absorbed into counter <count>: 1 register on signal <count>.
Unit <I2C_Protocol> synthesized (advanced).

=========================================================================
Advanced HDL Synthesis Report

Macro Statistics
# Adders/Subtractors                                   : 2
 3-bit subtractor                                      : 1
 9-bit adder                                           : 1
# Counters                                             : 1
 9-bit up counter                                      : 1
# Registers                                            : 52
 Flip-Flops                                            : 52
# Comparators                                          : 9
 8-bit comparator equal                                : 2
 9-bit comparator greater                              : 6
 9-bit comparator lessequal                            : 1
# Multiplexers                                         : 36
 1-bit 2-to-1 multiplexer                              : 29
 1-bit 8-to-1 multiplexer                              : 5
 3-bit 2-to-1 multiplexer                              : 1
 9-bit 2-to-1 multiplexer                              : 1
# FSMs                                                 : 1

=========================================================================

=========================================================================
*                         Low Level Synthesis                           *
=========================================================================
WARNING:Xst:1426 - The value init of the FF/Latch addr_rw_4 hinder the constant cleaning in the block I2C_Protocol.
   You should achieve better results by setting this init to 1.
WARNING:Xst:1426 - The value init of the FF/Latch addr_rw_7 hinder the constant cleaning in the block I2C_Protocol.
   You should achieve better results by setting this init to 1.
WARNING:Xst:1293 - FF/Latch <addr_rw_1> has a constant value of 0 in block <I2C_Protocol>. This FF/Latch will be trimmed during the optimization process.
WARNING:Xst:1896 - Due to other FF/Latch trimming, FF/Latch <addr_rw_2> has a constant value of 0 in block <I2C_Protocol>. This FF/Latch will be trimmed during the optimization process.
WARNING:Xst:1896 - Due to other FF/Latch trimming, FF/Latch <addr_rw_3> has a constant value of 0 in block <I2C_Protocol>. This FF/Latch will be trimmed during the optimization process.
WARNING:Xst:1896 - Due to other FF/Latch trimming, FF/Latch <addr_rw_5> has a constant value of 0 in block <I2C_Protocol>. This FF/Latch will be trimmed during the optimization process.
WARNING:Xst:1896 - Due to other FF/Latch trimming, FF/Latch <addr_rw_6> has a constant value of 0 in block <I2C_Protocol>. This FF/Latch will be trimmed during the optimization process.
INFO:Xst:2261 - The FF/Latch <addr_rw_4> in Unit <I2C_Protocol> is equivalent to the following FF/Latch, which will be removed : <addr_rw_7> 
Analyzing FSM <MFsm> for best encoding.
Optimizing FSM <FSM_0> on signal <state[1:4]> with user encoding.
-------------------------
 State       | Encoding
-------------------------
 ready       | 0000
 start_con   | 0001
 addr_seq    | 0010
 slave_ack1  | 0011
 command_seq | 0100
 slave_ack2  | 0101
 wr          | 0110
 rd          | 0111
 slave_ack3  | 1000
 mstr_ack    | 1001
 stop_con    | 1010
-------------------------
WARNING:Xst:3002 - This design contains one or more registers/latches that are directly
   incompatible with the Spartan6 architecture. The two primary causes of this is
   either a register or latch described with both an asynchronous set and
   asynchronous reset, or a register or latch described with an asynchronous
   set or reset which however has an initialization value of the opposite 
   polarity (i.e. asynchronous reset with an initialization value of 1).
    While this circuit can be built, it creates a sub-optimal implementation
   in terms of area, power and performance. For a more optimal implementation
   Xilinx highly recommends one of the following:

          1) Remove either the set or reset from all registers and latches
             if not needed for required functionality
          2) Modify the code in order to produce a synchronous set
             and/or reset (both is preferred)
          3) Ensure all registers have the same initialization value as the
             described asynchronous set or reset polarity
          4) Use the -async_to_sync option to transform the asynchronous
             set/reset to synchronous operation
             (timing simulation highly recommended when using this option)

  Please refer to http://www.xilinx.com search string "Spartan6 asynchronous set/reset" for more details.

  List of register instances with asynchronous set or reset and opposite initialization value:
    busy in unit <I2C_Protocol>

WARNING:Xst:2042 - Unit I2C_Protocol: 2 internal tristates are replaced by logic (pull-up yes): N4, tx.

Optimizing unit <I2C_Protocol> ...

Mapping all equations...
Building and optimizing final netlist ...
Found area constraint ratio of 100 (+ 5) on block I2C_Protocol, actual ratio is 2.
WARNING:Xst:1426 - The value init of the FF/Latch busy_LD hinder the constant cleaning in the block I2C_Protocol.
   You should achieve better results by setting this init to 1.
FlipFlop bit_cnt_0 has been replicated 1 time(s)
FlipFlop bit_cnt_1 has been replicated 1 time(s)
FlipFlop data_clk has been replicated 1 time(s)
FlipFlop state_FSM_FFd3 has been replicated 2 time(s)

Final Macro Processing ...

=========================================================================
Final Register Report

Macro Statistics
# Registers                                            : 65
 Flip-Flops                                            : 65

=========================================================================

=========================================================================
*                           Partition Report                            *
=========================================================================

Partition Implementation Status
-------------------------------

  No Partitions were found in this design.

-------------------------------

=========================================================================
*                            Design Summary                             *
=========================================================================

Top Level Output File Name         : I2C_Protocol.ngc

Primitive and Black Box Usage:
------------------------------
# BELS                             : 139
#      GND                         : 1
#      INV                         : 4
#      LUT1                        : 1
#      LUT2                        : 8
#      LUT3                        : 24
#      LUT4                        : 2
#      LUT5                        : 25
#      LUT6                        : 51
#      MUXCY                       : 8
#      MUXF7                       : 5
#      VCC                         : 1
#      XORCY                       : 9
# FlipFlops/Latches                : 66
#      FD                          : 1
#      FDC                         : 19
#      FDCE                        : 8
#      FDE                         : 30
#      FDP                         : 2
#      FDPE                        : 5
#      LD                          : 1
# Clock Buffers                    : 2
#      BUFG                        : 1
#      BUFGP                       : 1
# IO Buffers                       : 32
#      IBUF                        : 19
#      IOBUF                       : 1
#      OBUF                        : 10
#      OBUFT                       : 2

Device utilization summary:
---------------------------

Selected Device : 6slx9ftg256-2 


Slice Logic Utilization: 
 Number of Slice Registers:              66  out of  11440     0%  
 Number of Slice LUTs:                  115  out of   5720     2%  
    Number used as Logic:               115  out of   5720     2%  

Slice Logic Distribution: 
 Number of LUT Flip Flop pairs used:    134
   Number with an unused Flip Flop:      68  out of    134    50%  
   Number with an unused LUT:            19  out of    134    14%  
   Number of fully used LUT-FF pairs:    47  out of    134    35%  
   Number of unique control sets:         9

IO Utilization: 
 Number of IOs:                          33
 Number of bonded IOBs:                  33  out of    186    17%  

Specific Feature Utilization:
 Number of BUFG/BUFGCTRLs:                2  out of     16    12%  

---------------------------
Partition Resource Summary:
---------------------------

  No Partitions were found in this design.

---------------------------


=========================================================================
Timing Report

NOTE: THESE TIMING NUMBERS ARE ONLY A SYNTHESIS ESTIMATE.
      FOR ACCURATE TIMING INFORMATION PLEASE REFER TO THE TRACE REPORT
      GENERATED AFTER PLACE-and-ROUTE.

Clock Information:
------------------
-----------------------------------+------------------------+-------+
Clock Signal                       | Clock buffer(FF name)  | Load  |
-----------------------------------+------------------------+-------+
clk                                | BUFGP                  | 65    |
reset_n                            | IBUF+BUFG              | 1     |
-----------------------------------+------------------------+-------+

Asynchronous Control Signals Information:
----------------------------------------
No asynchronous control signals found in this design

Timing Summary:
---------------
Speed Grade: -2

   Minimum period: 5.391ns (Maximum Frequency: 185.494MHz)
   Minimum input arrival time before clock: 6.448ns
   Maximum output required time after clock: 6.738ns
   Maximum combinational path delay: No path found

Timing Details:
---------------
All values displayed in nanoseconds (ns)

=========================================================================
Timing constraint: Default period analysis for Clock 'clk'
  Clock period: 5.391ns (frequency: 185.494MHz)
  Total number of paths / destination ports: 1182 / 94
-------------------------------------------------------------------------
Delay:               5.391ns (Levels of Logic = 5)
  Source:            data_tx_4 (FF)
  Destination:       sda_int (FF)
  Source Clock:      clk rising
  Destination Clock: clk rising

  Data Path: data_tx_4 to sda_int
                                Gate     Net
    Cell:in->out      fanout   Delay   Delay  Logical Name (Net Name)
    ----------------------------------------  ------------
     FDE:C->Q              1   0.525   1.137  data_tx_4 (data_tx_4)
     LUT6:I0->O            1   0.254   0.000  Mmux_bit_cnt[2]_data_tx[7]_Mux_33_o_3 (Mmux_bit_cnt[2]_data_tx[7]_Mux_33_o_3)
     MUXF7:I1->O           1   0.175   0.910  Mmux_bit_cnt[2]_data_tx[7]_Mux_33_o_2_f7 (bit_cnt[2]_data_tx[7]_Mux_33_o)
     LUT6:I3->O            1   0.235   0.910  Mmux_state[3]_X_6_o_Mux_61_o26 (Mmux_state[3]_X_6_o_Mux_61_o26)
     LUT5:I2->O            1   0.235   0.682  sda_int_rstpot_G (N44)
     LUT3:I2->O            1   0.254   0.000  sda_int_rstpot1 (sda_int_rstpot)
     FDP:D                     0.074          sda_int
    ----------------------------------------
    Total                      5.391ns (1.752ns logic, 3.639ns route)
                                       (32.5% logic, 67.5% route)

=========================================================================
Timing constraint: Default OFFSET IN BEFORE for Clock 'clk'
  Total number of paths / destination ports: 197 / 100
-------------------------------------------------------------------------
Offset:              6.448ns (Levels of Logic = 5)
  Source:            enable (PAD)
  Destination:       sda_int (FF)
  Destination Clock: clk rising

  Data Path: enable to sda_int
                                Gate     Net
    Cell:in->out      fanout   Delay   Delay  Logical Name (Net Name)
    ----------------------------------------  ------------
     IBUF:I->O            12   1.328   1.499  enable_IBUF (enable_IBUF)
     LUT5:I0->O            1   0.254   0.958  Mmux_state[3]_X_6_o_Mux_61_o25 (Mmux_state[3]_X_6_o_Mux_61_o25)
     LUT6:I2->O            1   0.254   0.910  Mmux_state[3]_X_6_o_Mux_61_o26 (Mmux_state[3]_X_6_o_Mux_61_o26)
     LUT5:I2->O            1   0.235   0.682  sda_int_rstpot_G (N44)
     LUT3:I2->O            1   0.254   0.000  sda_int_rstpot1 (sda_int_rstpot)
     FDP:D                     0.074          sda_int
    ----------------------------------------
    Total                      6.448ns (2.399ns logic, 4.049ns route)
                                       (37.2% logic, 62.8% route)

=========================================================================
Timing constraint: Default OFFSET OUT AFTER for Clock 'clk'
  Total number of paths / destination ports: 23 / 13
-------------------------------------------------------------------------
Offset:              6.738ns (Levels of Logic = 3)
  Source:            rw_ctrl_int (FF)
  Destination:       sda (PAD)
  Source Clock:      clk rising

  Data Path: rw_ctrl_int to sda
                                Gate     Net
    Cell:in->out      fanout   Delay   Delay  Logical Name (Net Name)
    ----------------------------------------  ------------
     FDC:C->Q              3   0.525   0.994  rw_ctrl_int (rw_ctrl_int)
     LUT3:I0->O            1   0.235   1.137  Mmux_sda_enable1_SW0 (N01)
     LUT6:I0->O            1   0.254   0.681  Mmux_sda_enable1 (sda_enable)
     IOBUF:T->IO               2.912          sda_IOBUF (sda)
    ----------------------------------------
    Total                      6.738ns (3.926ns logic, 2.812ns route)
                                       (58.3% logic, 41.7% route)

=========================================================================
Timing constraint: Default OFFSET OUT AFTER for Clock 'reset_n'
  Total number of paths / destination ports: 1 / 1
-------------------------------------------------------------------------
Offset:              5.363ns (Levels of Logic = 2)
  Source:            busy_LD (LATCH)
  Destination:       busy (PAD)
  Source Clock:      reset_n rising

  Data Path: busy_LD to busy
                                Gate     Net
    Cell:in->out      fanout   Delay   Delay  Logical Name (Net Name)
    ----------------------------------------  ------------
     LD:G->Q               2   0.581   0.954  busy_LD (busy_LD)
     LUT3:I0->O            1   0.235   0.681  busy1 (busy_OBUF)
     OBUF:I->O                 2.912          busy_OBUF (busy)
    ----------------------------------------
    Total                      5.363ns (3.728ns logic, 1.635ns route)
                                       (69.5% logic, 30.5% route)

=========================================================================

Cross Clock Domains Report:
--------------------------

Clock to Setup on destination clock clk
---------------+---------+---------+---------+---------+
               | Src:Rise| Src:Fall| Src:Rise| Src:Fall|
Source Clock   |Dest:Rise|Dest:Rise|Dest:Fall|Dest:Fall|
---------------+---------+---------+---------+---------+
clk            |    5.391|         |         |         |
reset_n        |    2.065|         |         |         |
---------------+---------+---------+---------+---------+

=========================================================================


Total REAL time to Xst completion: 7.00 secs
Total CPU time to Xst completion: 6.81 secs
 
--> 

Total memory usage is 4504792 kilobytes

Number of errors   :    0 (   0 filtered)
Number of warnings :   17 (   0 filtered)
Number of infos    :    1 (   0 filtered)

